// Jest Snapshot v1, https://goo.gl/fbAQLP

exports[`RecordFormModal — snapshots matches snapshot in add mode 1`] = `
<DocumentFragment>
  <div
    class="css-dev-only-do-not-override-mncuj7 ant-app"
  />
</DocumentFragment>
`;

exports[`RecordFormModal — snapshots matches snapshot in edit mode 1`] = `
<DocumentFragment>
  <div
    class="css-dev-only-do-not-override-mncuj7 ant-app"
  />
</DocumentFragment>
`;
