// Vitest Snapshot v1, https://vitest.dev/guide/snapshot.html

exports[`LoginPage — snapshots > matches snapshot in default unauthenticated state 1`] = `
<DocumentFragment>
  <div
    style="display: flex; justify-content: center; align-items: center; min-height: 100vh; background: rgb(245, 245, 245);"
  >
    <div
      class="ant-card ant-card-bordered css-dev-only-do-not-override-mncuj7"
      style="width: 400px; text-align: center; border-radius: 12px;"
    >
      <div
        class="ant-card-body"
        style="padding: 40px 32px;"
      >
        <div
          class="ant-space css-dev-only-do-not-override-mncuj7 ant-space-vertical ant-space-gap-row-large ant-space-gap-col-large"
          style="width: 100%;"
        >
          <div
            class="ant-space-item"
          >
            <span
              aria-label="lock"
              class="anticon anticon-lock"
              role="img"
              style="font-size: 48px; color: rgb(22, 119, 255);"
            >
              <svg
                aria-hidden="true"
                data-icon="lock"
                fill="currentColor"
                focusable="false"
                height="1em"
                viewBox="64 64 896 896"
                width="1em"
              >
                <path
                  d="M832 464h-68V240c0-70.7-57.3-128-128-128H388c-70.7 0-128 57.3-128 128v224h-68c-17.7 0-32 14.3-32 32v384c0 17.7 14.3 32 32 32h640c17.7 0 32-14.3 32-32V496c0-17.7-14.3-32-32-32zM332 240c0-30.9 25.1-56 56-56h248c30.9 0 56 25.1 56 56v224H332V240zm460 600H232V536h560v304zM484 701v53c0 4.4 3.6 8 8 8h40c4.4 0 8-3.6 8-8v-53a48.01 48.01 0 10-56 0z"
                />
              </svg>
            </span>
          </div>
          <div
            class="ant-space-item"
          >
            <div>
              <h3
                class="ant-typography css-dev-only-do-not-override-mncuj7"
                style="margin-bottom: 4px;"
              >
                Enterprise Application
              </h3>
              <div
                class="ant-typography ant-typography-secondary css-dev-only-do-not-override-mncuj7"
              >
                Sign in using your organization’s Single Sign-On (SSO) account.
              </div>
            </div>
          </div>
          <div
            class="ant-space-item"
          >
            <button
              class="ant-btn css-dev-only-do-not-override-mncuj7 ant-btn-primary ant-btn-color-primary ant-btn-variant-solid ant-btn-lg ant-btn-block"
              type="button"
            >
              <span
                class="ant-btn-icon"
              >
                <span
                  aria-label="lock"
                  class="anticon anticon-lock"
                  role="img"
                >
                  <svg
                    aria-hidden="true"
                    data-icon="lock"
                    fill="currentColor"
                    focusable="false"
                    height="1em"
                    viewBox="64 64 896 896"
                    width="1em"
                  >
                    <path
                      d="M832 464h-68V240c0-70.7-57.3-128-128-128H388c-70.7 0-128 57.3-128 128v224h-68c-17.7 0-32 14.3-32 32v384c0 17.7 14.3 32 32 32h640c17.7 0 32-14.3 32-32V496c0-17.7-14.3-32-32-32zM332 240c0-30.9 25.1-56 56-56h248c30.9 0 56 25.1 56 56v224H332V240zm460 600H232V536h560v304zM484 701v53c0 4.4 3.6 8 8 8h40c4.4 0 8-3.6 8-8v-53a48.01 48.01 0 10-56 0z"
                    />
                  </svg>
                </span>
              </span>
              <span>
                Sign in with Okta
              </span>
            </button>
          </div>
        </div>
      </div>
    </div>
  </div>
</DocumentFragment>
`;

exports[`LoginPage — snapshots > matches snapshot while initializing 1`] = `
<DocumentFragment>
  <div
    style="display: flex; justify-content: center; margin-top: 20vh;"
  >
    <div
      aria-busy="true"
      aria-live="polite"
      class="ant-spin ant-spin-lg ant-spin-spinning css-dev-only-do-not-override-mncuj7"
    >
      <span
        class="ant-spin-dot-holder"
      >
        <span
          class="ant-spin-dot ant-spin-dot-spin"
        >
          <i
            class="ant-spin-dot-item"
          />
          <i
            class="ant-spin-dot-item"
          />
          <i
            class="ant-spin-dot-item"
          />
          <i
            class="ant-spin-dot-item"
          />
        </span>
      </span>
    </div>
  </div>
</DocumentFragment>
`;

exports[`LoginPage — snapshots matches snapshot in default unauthenticated state 1`] = `
<DocumentFragment>
  <div
    style="display: flex; justify-content: center; align-items: center; min-height: 100vh; background: rgb(245, 245, 245);"
  >
    <div
      class="ant-card ant-card-bordered css-dev-only-do-not-override-mncuj7"
      style="width: 400px; text-align: center; border-radius: 12px;"
    >
      <div
        class="ant-card-body"
        style="padding: 40px 32px;"
      >
        <div
          class="ant-space css-dev-only-do-not-override-mncuj7 ant-space-vertical ant-space-gap-row-large ant-space-gap-col-large"
          style="width: 100%;"
        >
          <div
            class="ant-space-item"
          >
            <span
              aria-label="lock"
              class="anticon anticon-lock"
              role="img"
              style="font-size: 48px; color: rgb(22, 119, 255);"
            >
              <svg
                aria-hidden="true"
                data-icon="lock"
                fill="currentColor"
                focusable="false"
                height="1em"
                viewBox="64 64 896 896"
                width="1em"
              >
                <path
                  d="M832 464h-68V240c0-70.7-57.3-128-128-128H388c-70.7 0-128 57.3-128 128v224h-68c-17.7 0-32 14.3-32 32v384c0 17.7 14.3 32 32 32h640c17.7 0 32-14.3 32-32V496c0-17.7-14.3-32-32-32zM332 240c0-30.9 25.1-56 56-56h248c30.9 0 56 25.1 56 56v224H332V240zm460 600H232V536h560v304zM484 701v53c0 4.4 3.6 8 8 8h40c4.4 0 8-3.6 8-8v-53a48.01 48.01 0 10-56 0z"
                />
              </svg>
            </span>
          </div>
          <div
            class="ant-space-item"
          >
            <div>
              <h3
                class="ant-typography css-dev-only-do-not-override-mncuj7"
                style="margin-bottom: 4px;"
              >
                Enterprise Application
              </h3>
              <div
                class="ant-typography ant-typography-secondary css-dev-only-do-not-override-mncuj7"
              >
                Sign in using your organization’s Single Sign-On (SSO) account.
              </div>
            </div>
          </div>
          <div
            class="ant-space-item"
          >
            <button
              class="ant-btn css-dev-only-do-not-override-mncuj7 ant-btn-primary ant-btn-color-primary ant-btn-variant-solid ant-btn-lg ant-btn-block"
              type="button"
            >
              <span
                class="ant-btn-icon"
              >
                <span
                  aria-label="lock"
                  class="anticon anticon-lock"
                  role="img"
                >
                  <svg
                    aria-hidden="true"
                    data-icon="lock"
                    fill="currentColor"
                    focusable="false"
                    height="1em"
                    viewBox="64 64 896 896"
                    width="1em"
                  >
                    <path
                      d="M832 464h-68V240c0-70.7-57.3-128-128-128H388c-70.7 0-128 57.3-128 128v224h-68c-17.7 0-32 14.3-32 32v384c0 17.7 14.3 32 32 32h640c17.7 0 32-14.3 32-32V496c0-17.7-14.3-32-32-32zM332 240c0-30.9 25.1-56 56-56h248c30.9 0 56 25.1 56 56v224H332V240zm460 600H232V536h560v304zM484 701v53c0 4.4 3.6 8 8 8h40c4.4 0 8-3.6 8-8v-53a48.01 48.01 0 10-56 0z"
                    />
                  </svg>
                </span>
              </span>
              <span>
                Sign in with Okta
              </span>
            </button>
          </div>
        </div>
      </div>
    </div>
  </div>
</DocumentFragment>
`;

exports[`LoginPage — snapshots matches snapshot while initializing 1`] = `
<DocumentFragment>
  <div
    style="display: flex; justify-content: center; margin-top: 20vh;"
  >
    <div
      aria-busy="true"
      aria-live="polite"
      class="ant-spin ant-spin-lg ant-spin-spinning css-dev-only-do-not-override-mncuj7"
    >
      <span
        class="ant-spin-dot-holder"
      >
        <span
          class="ant-spin-dot ant-spin-dot-spin"
        >
          <i
            class="ant-spin-dot-item"
          />
          <i
            class="ant-spin-dot-item"
          />
          <i
            class="ant-spin-dot-item"
          />
          <i
            class="ant-spin-dot-item"
          />
        </span>
      </span>
    </div>
  </div>
</DocumentFragment>
`;
